w25qxxx_DMA.c:48:16:W25Qxxx_SPI	32	static
w25qxxx_DMA.c:68:13:W25Qxxx_SPI_Tx	24	static
w25qxxx_DMA.c:86:26:W25Qxxx_SPI_Rx	32	static
w25qxxx_DMA.c:113:13:W25Qxxx_Enable	8	static
w25qxxx_DMA.c:125:13:W25Qxxx_Disable	8	static
w25qxxx_DMA.c:131:13:W25Qxxx_Power_Up	8	static
w25qxxx_DMA.c:147:13:W25Qxxx_Read_Manu_Dev_ID	16	static
w25qxxx_DMA.c:168:13:W25Qxxx_Read_JEDEC_ID	24	static
w25qxxx_DMA.c:188:13:W25Qxxx_Read_Unique_ID	24	static
w25qxxx_DMA.c:210:13:W25Qxxx_Write_Enable	8	static
w25qxxx_DMA.c:224:13:W25Qxxx_Write_Enable_SR	8	static
w25qxxx_DMA.c:242:13:W25Qxxx_Write_Disable	8	static
w25qxxx_DMA.c:256:15:W25Qxxx_WaitForWriteEnd	24	static
w25qxxx_DMA.c:284:17:W25Qxxx_PageToSector	16	static
w25qxxx_DMA.c:294:17:W25Qxxx_PageToBlock	16	static
w25qxxx_DMA.c:304:17:W25Qxxx_SectorToBlock	16	static
w25qxxx_DMA.c:314:17:W25Qxxx_SectorToPage	16	static
w25qxxx_DMA.c:324:17:W25Qxxx_BlockToPage	16	static
w25qxxx_DMA.c:337:9:W25Qxxx_Read_REG_x	24	static
w25qxxx_DMA.c:373:6:W25Qxxx_Write_REG_x	16	static
w25qxxx_DMA.c:403:9:W25Qxxx_Init	16	static
w25qxxx_DMA.c:480:9:W25Qxxx_EraseChip	8	static
w25qxxx_DMA.c:504:9:W25Qxxx_EraseSector	16	static
w25qxxx_DMA.c:540:9:W25Qxxx_EraseBlock	16	static
w25qxxx_DMA.c:577:9:W25Qxxx_WriteByte	16	static
w25qxxx_DMA.c:617:9:W25Qxxx_WritePage	24	static
w25qxxx_DMA.c:665:9:W25Qxxx_WriteSector	40	static
w25qxxx_DMA.c:710:9:W25Qxxx_WriteBlock	40	static
w25qxxx_DMA.c:752:9:W25Qxxx_ReadByte	16	static
w25qxxx_DMA.c:788:9:W25Qxxx_ReadBytes	24	static
w25qxxx_DMA.c:831:9:W25Qxxx_ReadPage	24	static
w25qxxx_DMA.c:875:9:W25Qxxx_ReadSector	40	static
w25qxxx_DMA.c:916:9:W25Qxxx_ReadBlock	40	static
w25qxxx_DMA.c:981:9:W25Qxxx_diskio_initialize	8	static
w25qxxx_DMA.c:997:9:W25Qxxx_diskio_status	8	static
w25qxxx_DMA.c:1017:9:W25Qxxx_diskio_read	32	static
w25qxxx_DMA.c:1045:9:W25Qxxx_diskio_write	32	static
w25qxxx_DMA.c:1081:9:W25Qxxx_diskio_ioctl	24	static
w25qxxx_DMA.c:1131:6:HAL_SPI_TxCpltCallback	16	static
w25qxxx_DMA.c:1143:6:HAL_SPI_RxCpltCallback	16	static
w25qxxx_DMA.c:1155:6:HAL_SPI_TxRxCpltCallback	16	static
